/Users/angelicadpsantos/Desktop/CSE 111/Homework/bom.py
/Users/angelicadpsantos/Downloads/bom (1).py
/Users/angelicadpsantos/Downloads/team-solution (5).py
/Users/angelicadpsantos/Downloads/formula.py
/Users/angelicadpsantos/Downloads/test_chemistry_2.py
/Users/angelicadpsantos/Downloads/test_chemistry_1.py
/Users/angelicadpsantos/Downloads/test_random_numbers.py
/Users/angelicadpsantos/Downloads/pass_args.py
/Users/angelicadpsantos/Downloads/team-solution (2).py
/Users/angelicadpsantos/Downloads/team-stretch (2).py
/Users/angelicadpsantos/Downloads/team-solution (4).py
/Users/angelicadpsantos/Downloads/team-solution (3).py
/Users/angelicadpsantos/Downloads/names.py
/Users/angelicadpsantos/Downloads/check_solution.py
/Users/angelicadpsantos/Downloads/example-2.py
/Users/angelicadpsantos/Downloads/draw2d.py
/Users/angelicadpsantos/Downloads/team-solution (1).py
/Users/angelicadpsantos/Downloads/team-stretch (1).py
/Users/angelicadpsantos/Downloads/team-stretch.py
/Users/angelicadpsantos/Downloads/team-solution.py
/Users/angelicadpsantos/Downloads/check-1-solution (2).py
